../HAL_Driver/Src/stm32f1xx_hal_rtc.c:1354:17:RTC_ReadTimeCounter	12	static
../HAL_Driver/Src/stm32f1xx_hal_rtc.c:1416:17:RTC_ReadAlarmCounter	0	static
../HAL_Driver/Src/stm32f1xx_hal_rtc.c:1517:16:RTC_ByteToBcd2	0	static
../HAL_Driver/Src/stm32f1xx_hal_rtc.c:1535:16:RTC_Bcd2ToByte	0	static
../HAL_Driver/Src/stm32f1xx_hal_rtc.c:1681:16:RTC_WeekDayNum	8	static
../HAL_Driver/Src/stm32f1xx_hal_rtc.c:1465:26:RTC_EnterInitMode	16	static
../HAL_Driver/Src/stm32f1xx_hal_rtc.c:1492:26:RTC_ExitInitMode	16	static
../HAL_Driver/Src/stm32f1xx_hal_rtc.c:1384:26:RTC_WriteTimeCounter	16	static
../HAL_Driver/Src/stm32f1xx_hal_rtc.c:1433:26:RTC_WriteAlarmCounter	16	static
../HAL_Driver/Src/stm32f1xx_hal_rtc.c:427:13:HAL_RTC_MspInit	0	static
../HAL_Driver/Src/stm32f1xx_hal_rtc.c:442:13:HAL_RTC_MspDeInit	0	static
../HAL_Driver/Src/stm32f1xx_hal_rtc.c:480:19:HAL_RTC_SetTime	24	static
../HAL_Driver/Src/stm32f1xx_hal_rtc.c:579:19:HAL_RTC_GetTime	32	static
../HAL_Driver/Src/stm32f1xx_hal_rtc.c:690:19:HAL_RTC_SetDate	16	static
../HAL_Driver/Src/stm32f1xx_hal_rtc.c:804:19:HAL_RTC_GetDate	32	static
../HAL_Driver/Src/stm32f1xx_hal_rtc.c:869:19:HAL_RTC_SetAlarm	40	static
../HAL_Driver/Src/stm32f1xx_hal_rtc.c:961:19:HAL_RTC_SetAlarm_IT	40	static
../HAL_Driver/Src/stm32f1xx_hal_rtc.c:1066:19:HAL_RTC_GetAlarm	16	static
../HAL_Driver/Src/stm32f1xx_hal_rtc.c:1108:19:HAL_RTC_DeactivateAlarm	16	static
../HAL_Driver/Src/stm32f1xx_hal_rtc.c:1203:13:HAL_RTC_AlarmAEventCallback	0	static
../HAL_Driver/Src/stm32f1xx_hal_rtc.c:1175:6:HAL_RTC_AlarmIRQHandler	8	static
../HAL_Driver/Src/stm32f1xx_hal_rtc.c:1219:19:HAL_RTC_PollForAlarmAEvent	16	static
../HAL_Driver/Src/stm32f1xx_hal_rtc.c:1274:21:HAL_RTC_GetState	0	static
../HAL_Driver/Src/stm32f1xx_hal_rtc.c:1307:19:HAL_RTC_WaitForSynchro	16	static
../HAL_Driver/Src/stm32f1xx_hal_rtc.c:244:19:HAL_RTC_Init	8	static
../HAL_Driver/Src/stm32f1xx_hal_rtc.c:357:19:HAL_RTC_DeInit	16	static
