../HAL_Driver/Src/stm32f1xx_hal_usart.c:1518:26:USART_WaitOnFlagUntilTimeout.constprop	24	static
../HAL_Driver/Src/stm32f1xx_hal_usart.c:324:14:HAL_USART_MspInit	0	static
../HAL_Driver/Src/stm32f1xx_hal_usart.c:243:19:HAL_USART_Init	24	static
../HAL_Driver/Src/stm32f1xx_hal_usart.c:339:14:HAL_USART_MspDeInit	0	static
../HAL_Driver/Src/stm32f1xx_hal_usart.c:290:19:HAL_USART_DeInit	8	static
../HAL_Driver/Src/stm32f1xx_hal_usart.c:422:19:HAL_USART_Transmit	16	static
../HAL_Driver/Src/stm32f1xx_hal_usart.c:499:19:HAL_USART_Receive	24	static
../HAL_Driver/Src/stm32f1xx_hal_usart.c:602:19:HAL_USART_TransmitReceive	24	static
../HAL_Driver/Src/stm32f1xx_hal_usart.c:712:19:HAL_USART_Transmit_IT	8	static
../HAL_Driver/Src/stm32f1xx_hal_usart.c:761:19:HAL_USART_Receive_IT	8	static
../HAL_Driver/Src/stm32f1xx_hal_usart.c:811:19:HAL_USART_TransmitReceive_IT	12	static
../HAL_Driver/Src/stm32f1xx_hal_usart.c:863:19:HAL_USART_Transmit_DMA	16	static
../HAL_Driver/Src/stm32f1xx_hal_usart.c:924:19:HAL_USART_Receive_DMA	32	static
../HAL_Driver/Src/stm32f1xx_hal_usart.c:997:19:HAL_USART_TransmitReceive_DMA	32	static
../HAL_Driver/Src/stm32f1xx_hal_usart.c:1075:19:HAL_USART_DMAPause	0	static
../HAL_Driver/Src/stm32f1xx_hal_usart.c:1095:19:HAL_USART_DMAResume	0	static
../HAL_Driver/Src/stm32f1xx_hal_usart.c:1115:19:HAL_USART_DMAStop	8	static
../HAL_Driver/Src/stm32f1xx_hal_usart.c:1240:14:HAL_USART_TxCpltCallback	0	static
../HAL_Driver/Src/stm32f1xx_hal_usart.c:1387:13:USART_DMATransmitCplt	8	static
../HAL_Driver/Src/stm32f1xx_hal_usart.c:1255:14:HAL_USART_TxHalfCpltCallback	0	static
../HAL_Driver/Src/stm32f1xx_hal_usart.c:1422:13:USART_DMATxHalfCplt	8	static
../HAL_Driver/Src/stm32f1xx_hal_usart.c:1270:13:HAL_USART_RxCpltCallback	0	static
../HAL_Driver/Src/stm32f1xx_hal_usart.c:1285:13:HAL_USART_RxHalfCpltCallback	0	static
../HAL_Driver/Src/stm32f1xx_hal_usart.c:1484:13:USART_DMARxHalfCplt	8	static
../HAL_Driver/Src/stm32f1xx_hal_usart.c:1300:13:HAL_USART_TxRxCpltCallback	0	static
../HAL_Driver/Src/stm32f1xx_hal_usart.c:1435:13:USART_DMAReceiveCplt	8	static
../HAL_Driver/Src/stm32f1xx_hal_usart.c:1727:26:USART_TransmitReceive_IT.part.0.isra	8	static
../HAL_Driver/Src/stm32f1xx_hal_usart.c:1315:14:HAL_USART_ErrorCallback	0	static
../HAL_Driver/Src/stm32f1xx_hal_usart.c:1497:13:USART_DMAError	8	static
../HAL_Driver/Src/stm32f1xx_hal_usart.c:1148:6:HAL_USART_IRQHandler	16	static
../HAL_Driver/Src/stm32f1xx_hal_usart.c:1353:24:HAL_USART_GetState	0	static
../HAL_Driver/Src/stm32f1xx_hal_usart.c:1364:10:HAL_USART_GetError	0	static
