../HAL_Driver/Src/stm32f1xx_hal_spi.c:2298:26:SPI_WaitOnFlagUntilTimeout	24	static
../HAL_Driver/Src/stm32f1xx_hal_spi.c:339:14:HAL_SPI_MspInit	0	static
../HAL_Driver/Src/stm32f1xx_hal_spi.c:246:26:HAL_SPI_Init	8	static
../HAL_Driver/Src/stm32f1xx_hal_spi.c:354:14:HAL_SPI_MspDeInit	0	static
../HAL_Driver/Src/stm32f1xx_hal_spi.c:308:19:HAL_SPI_DeInit	8	static
../HAL_Driver/Src/stm32f1xx_hal_spi.c:408:19:HAL_SPI_Transmit	24	static
../HAL_Driver/Src/stm32f1xx_hal_spi.c:737:19:HAL_SPI_TransmitReceive	32	static
../HAL_Driver/Src/stm32f1xx_hal_spi.c:982:19:HAL_SPI_Transmit_IT	8	static
../HAL_Driver/Src/stm32f1xx_hal_spi.c:1140:19:HAL_SPI_TransmitReceive_IT	8	static
../HAL_Driver/Src/stm32f1xx_hal_spi.c:1059:19:HAL_SPI_Receive_IT	12	static
../HAL_Driver/Src/stm32f1xx_hal_spi.c:1211:19:HAL_SPI_Transmit_DMA	16	static
../HAL_Driver/Src/stm32f1xx_hal_spi.c:1385:19:HAL_SPI_TransmitReceive_DMA	24	static
../HAL_Driver/Src/stm32f1xx_hal_spi.c:1295:19:HAL_SPI_Receive_DMA	16	static
../HAL_Driver/Src/stm32f1xx_hal_spi.c:1496:19:HAL_SPI_DMAPause	0	static
../HAL_Driver/Src/stm32f1xx_hal_spi.c:1517:19:HAL_SPI_DMAResume	0	static
../HAL_Driver/Src/stm32f1xx_hal_spi.c:1538:19:HAL_SPI_DMAStop	8	static
../HAL_Driver/Src/stm32f1xx_hal_spi.c:1629:13:HAL_SPI_TxCpltCallback	0	static
../HAL_Driver/Src/stm32f1xx_hal_spi.c:1644:13:HAL_SPI_RxCpltCallback	0	static
../HAL_Driver/Src/stm32f1xx_hal_spi.c:1659:13:HAL_SPI_TxRxCpltCallback	0	static
../HAL_Driver/Src/stm32f1xx_hal_spi.c:1674:13:HAL_SPI_TxHalfCpltCallback	0	static
../HAL_Driver/Src/stm32f1xx_hal_spi.c:2240:13:SPI_DMAHalfTransmitCplt	8	static
../HAL_Driver/Src/stm32f1xx_hal_spi.c:1689:13:HAL_SPI_RxHalfCpltCallback	0	static
../HAL_Driver/Src/stm32f1xx_hal_spi.c:2253:13:SPI_DMAHalfReceiveCplt	8	static
../HAL_Driver/Src/stm32f1xx_hal_spi.c:1704:13:HAL_SPI_TxRxHalfCpltCallback	0	static
../HAL_Driver/Src/stm32f1xx_hal_spi.c:2266:13:SPI_DMAHalfTransmitReceiveCplt	8	static
../HAL_Driver/Src/stm32f1xx_hal_spi.c:1719:14:HAL_SPI_ErrorCallback	0	static
../HAL_Driver/Src/stm32f1xx_hal_spi.c:1853:13:SPI_TxISR	16	static
../HAL_Driver/Src/stm32f1xx_hal_spi.c:2279:13:SPI_DMAError	8	static
../HAL_Driver/Src/stm32f1xx_hal_spi.c:2035:13:SPI_DMATransmitCplt	16	static
../HAL_Driver/Src/stm32f1xx_hal_spi.c:2163:13:SPI_DMATransmitReceiveCplt	16	static
../HAL_Driver/Src/stm32f1xx_hal_spi.c:1572:6:HAL_SPI_IRQHandler	16	static
../HAL_Driver/Src/stm32f1xx_hal_spi.c:1755:22:HAL_SPI_GetState	0	static
../HAL_Driver/Src/stm32f1xx_hal_spi.c:1766:10:HAL_SPI_GetError	0	static
../HAL_Driver/Src/stm32f1xx_hal_spi.c:2392:16:SPI_ISCRCErrorValid	0	static
../HAL_Driver/Src/stm32f1xx_hal_spi.c:553:19:HAL_SPI_Receive	32	static
../HAL_Driver/Src/stm32f1xx_hal_spi.c:1885:13:SPI_RxCloseIRQHandler	16	static
../HAL_Driver/Src/stm32f1xx_hal_spi.c:2001:13:SPI_RxISR	0	static
../HAL_Driver/Src/stm32f1xx_hal_spi.c:1974:13:SPI_2LinesRxISR	0	static
../HAL_Driver/Src/stm32f1xx_hal_spi.c:2084:13:SPI_DMAReceiveCplt	16	static
