../HAL_Driver/Src/stm32f1xx_hal_adc_ex.c:144:19:HAL_ADCEx_Calibration_Start	24	static
../HAL_Driver/Src/stm32f1xx_hal_adc_ex.c:250:19:HAL_ADCEx_InjectedStart	8	static
../HAL_Driver/Src/stm32f1xx_hal_adc_ex.c:349:19:HAL_ADCEx_InjectedStop	8	static
../HAL_Driver/Src/stm32f1xx_hal_adc_ex.c:402:19:HAL_ADCEx_InjectedPollForConversion	32	static
../HAL_Driver/Src/stm32f1xx_hal_adc_ex.c:520:19:HAL_ADCEx_InjectedStart_IT	8	static
../HAL_Driver/Src/stm32f1xx_hal_adc_ex.c:619:19:HAL_ADCEx_InjectedStop_IT	8	static
../HAL_Driver/Src/stm32f1xx_hal_adc_ex.c:688:19:HAL_ADCEx_MultiModeStart_DMA	72	static
../HAL_Driver/Src/stm32f1xx_hal_adc_ex.c:815:19:HAL_ADCEx_MultiModeStop_DMA	64	static
../HAL_Driver/Src/stm32f1xx_hal_adc_ex.c:927:10:HAL_ADCEx_InjectedGetValue	0	static
../HAL_Driver/Src/stm32f1xx_hal_adc_ex.c:964:10:HAL_ADCEx_MultiModeGetValue	0	static
../HAL_Driver/Src/stm32f1xx_hal_adc_ex.c:996:13:HAL_ADCEx_InjectedConvCpltCallback	0	static
../HAL_Driver/Src/stm32f1xx_hal_adc_ex.c:1038:19:HAL_ADCEx_InjectedConfigChannel	40	static,ignoring_inline_asm
../HAL_Driver/Src/stm32f1xx_hal_adc_ex.c:1299:19:HAL_ADCEx_MultiModeConfigChannel	8	static
