../HAL_Driver/Src/stm32f1xx_hal_can.c:344:19:HAL_CAN_ConfigFilter	16	static
../HAL_Driver/Src/stm32f1xx_hal_can.c:477:13:HAL_CAN_MspInit	0	static
../HAL_Driver/Src/stm32f1xx_hal_can.c:171:19:HAL_CAN_Init	16	static
../HAL_Driver/Src/stm32f1xx_hal_can.c:492:13:HAL_CAN_MspDeInit	0	static
../HAL_Driver/Src/stm32f1xx_hal_can.c:444:19:HAL_CAN_DeInit	8	static
../HAL_Driver/Src/stm32f1xx_hal_can.c:529:19:HAL_CAN_Transmit	32	static
../HAL_Driver/Src/stm32f1xx_hal_can.c:665:19:HAL_CAN_Transmit_IT	20	static
../HAL_Driver/Src/stm32f1xx_hal_can.c:782:19:HAL_CAN_Receive	24	static
../HAL_Driver/Src/stm32f1xx_hal_can.c:888:19:HAL_CAN_Receive_IT	8	static
../HAL_Driver/Src/stm32f1xx_hal_can.c:956:19:HAL_CAN_Sleep	16	static
../HAL_Driver/Src/stm32f1xx_hal_can.c:1017:19:HAL_CAN_WakeUp	16	static
../HAL_Driver/Src/stm32f1xx_hal_can.c:1189:13:HAL_CAN_TxCpltCallback	0	static
../HAL_Driver/Src/stm32f1xx_hal_can.c:1204:13:HAL_CAN_RxCpltCallback	0	static
../HAL_Driver/Src/stm32f1xx_hal_can.c:1333:26:CAN_Receive_IT.isra	16	static
../HAL_Driver/Src/stm32f1xx_hal_can.c:1219:13:HAL_CAN_ErrorCallback	0	static
../HAL_Driver/Src/stm32f1xx_hal_can.c:1071:6:HAL_CAN_IRQHandler	8	static
../HAL_Driver/Src/stm32f1xx_hal_can.c:1254:22:HAL_CAN_GetState	0	static
../HAL_Driver/Src/stm32f1xx_hal_can.c:1266:10:HAL_CAN_GetError	0	static
