../HAL_Driver/Src/stm32f1xx_hal_wwdg.c:239:13:HAL_WWDG_MspInit	0	static
../HAL_Driver/Src/stm32f1xx_hal_wwdg.c:152:19:HAL_WWDG_Init	8	static
../HAL_Driver/Src/stm32f1xx_hal_wwdg.c:254:13:HAL_WWDG_MspDeInit	0	static
../HAL_Driver/Src/stm32f1xx_hal_wwdg.c:197:19:HAL_WWDG_DeInit	8	static
../HAL_Driver/Src/stm32f1xx_hal_wwdg.c:290:19:HAL_WWDG_Start	0	static
../HAL_Driver/Src/stm32f1xx_hal_wwdg.c:317:19:HAL_WWDG_Start_IT	0	static
../HAL_Driver/Src/stm32f1xx_hal_wwdg.c:342:19:HAL_WWDG_Refresh	0	static
../HAL_Driver/Src/stm32f1xx_hal_wwdg.c:408:13:HAL_WWDG_WakeupCallback	0	static
../HAL_Driver/Src/stm32f1xx_hal_wwdg.c:379:6:HAL_WWDG_IRQHandler	8	static
../HAL_Driver/Src/stm32f1xx_hal_wwdg.c:442:23:HAL_WWDG_GetState	0	static
