../HAL_Driver/Src/stm32f1xx_hal_smartcard.c:1006:13:SMARTCARD_DMATransmitCplt	0	static
../HAL_Driver/Src/stm32f1xx_hal_smartcard.c:1076:26:SMARTCARD_WaitOnFlagUntilTimeout.constprop	24	static
../HAL_Driver/Src/stm32f1xx_hal_smartcard.c:354:14:HAL_SMARTCARD_MspInit	0	static
../HAL_Driver/Src/stm32f1xx_hal_smartcard.c:242:19:HAL_SMARTCARD_Init	32	static
../HAL_Driver/Src/stm32f1xx_hal_smartcard.c:369:14:HAL_SMARTCARD_MspDeInit	0	static
../HAL_Driver/Src/stm32f1xx_hal_smartcard.c:314:19:HAL_SMARTCARD_DeInit	16	static
../HAL_Driver/Src/stm32f1xx_hal_smartcard.c:445:19:HAL_SMARTCARD_Transmit	16	static
../HAL_Driver/Src/stm32f1xx_hal_smartcard.c:517:19:HAL_SMARTCARD_Receive	24	static
../HAL_Driver/Src/stm32f1xx_hal_smartcard.c:586:19:HAL_SMARTCARD_Transmit_IT	8	static
../HAL_Driver/Src/stm32f1xx_hal_smartcard.c:641:19:HAL_SMARTCARD_Receive_IT	8	static
../HAL_Driver/Src/stm32f1xx_hal_smartcard.c:699:19:HAL_SMARTCARD_Transmit_DMA	8	static
../HAL_Driver/Src/stm32f1xx_hal_smartcard.c:767:19:HAL_SMARTCARD_Receive_DMA	16	static
../HAL_Driver/Src/stm32f1xx_hal_smartcard.c:904:14:HAL_SMARTCARD_TxCpltCallback	0	static
../HAL_Driver/Src/stm32f1xx_hal_smartcard.c:919:13:HAL_SMARTCARD_RxCpltCallback	0	static
../HAL_Driver/Src/stm32f1xx_hal_smartcard.c:1026:13:SMARTCARD_DMAReceiveCplt	8	static
../HAL_Driver/Src/stm32f1xx_hal_smartcard.c:934:14:HAL_SMARTCARD_ErrorCallback	0	static
../HAL_Driver/Src/stm32f1xx_hal_smartcard.c:1055:13:SMARTCARD_DMAError	8	static
../HAL_Driver/Src/stm32f1xx_hal_smartcard.c:828:6:HAL_SMARTCARD_IRQHandler	16	static
../HAL_Driver/Src/stm32f1xx_hal_smartcard.c:972:28:HAL_SMARTCARD_GetState	0	static
../HAL_Driver/Src/stm32f1xx_hal_smartcard.c:983:10:HAL_SMARTCARD_GetError	0	static
