../src/usbd_conf.c:71:6:HAL_PCD_MspInit	16	static
../src/usbd_conf.c:90:6:HAL_PCD_MspDeInit	0	static
../src/usbd_conf.c:114:6:HAL_PCD_SetupStageCallback	0	static
../src/usbd_conf.c:125:6:HAL_PCD_DataOutStageCallback	0	static
../src/usbd_conf.c:136:6:HAL_PCD_DataInStageCallback	0	static
../src/usbd_conf.c:146:6:HAL_PCD_SOFCallback	0	static
../src/usbd_conf.c:156:6:HAL_PCD_ResetCallback	8	static
../src/usbd_conf.c:183:6:HAL_PCD_SuspendCallback	8	static
../src/usbd_conf.c:203:6:HAL_PCD_ResumeCallback	0	static
../src/usbd_conf.c:217:6:HAL_PCD_ISOOUTIncompleteCallback	0	static
../src/usbd_conf.c:228:6:HAL_PCD_ISOINIncompleteCallback	0	static
../src/usbd_conf.c:238:6:HAL_PCD_ConnectCallback	0	static
../src/usbd_conf.c:248:6:HAL_PCD_DisconnectCallback	0	static
../src/usbd_conf.c:261:21:USBD_LL_Init	16	static
../src/usbd_conf.c:292:21:USBD_LL_DeInit	8	static
../src/usbd_conf.c:324:21:USBD_LL_Start	8	static
../src/usbd_conf.c:356:21:USBD_LL_Stop	8	static
../src/usbd_conf.c:391:21:USBD_LL_OpenEP	8	static
../src/usbd_conf.c:431:21:USBD_LL_CloseEP	8	static
../src/usbd_conf.c:464:21:USBD_LL_FlushEP	8	static
../src/usbd_conf.c:497:21:USBD_LL_StallEP	8	static
../src/usbd_conf.c:530:21:USBD_LL_ClearStallEP	8	static
../src/usbd_conf.c:563:9:USBD_LL_IsStallEP	0	static
../src/usbd_conf.c:582:21:USBD_LL_SetUSBAddress	8	static
../src/usbd_conf.c:617:21:USBD_LL_Transmit	8	static
../src/usbd_conf.c:655:21:USBD_LL_PrepareReceive	8	static
../src/usbd_conf.c:691:10:USBD_LL_GetRxDataSize	8	static
../src/usbd_conf.c:701:7:USBD_LL_Delay	0	static
../src/usbd_conf.c:711:7:USBD_static_malloc	0	static
../src/usbd_conf.c:722:6:USBD_static_free	0	static
../src/usbd_conf.c:733:6:HAL_PCDEx_SetConnectionState	0	static
